Microchip MPLAB XC8 Compiler V1.43 ()

Linker command line:

-W-3 --edf=C:\Program Files (x86)\Microchip\xc8\v1.43\dat\en_msgs.txt -cs \
  -h+dist/default/production\q9lab1.production.sym \
  --cmf=dist/default/production\q9lab1.production.cmf -z -Q18F452 \
  -oC:\Users\qmari\AppData\Local\Temp\seh4.2 \
  -Mdist/default/production/q9lab1.production.map -E1 -ver=XC8 \
  -ASTACK=080h-05ffh -pstack=STACK -ACODE=00h-03FFFhx2 -ACONST=00h-07FFFh \
  -ASMALLCONST=0600h-06FFhx122 -AMEDIUMCONST=0600h-07FFFh -ACOMRAM=01h-07Fh \
  -AABS1=00h-05FFh -ABIGRAM=01h-05FFh -ARAM=080h-0FFh,0100h-01FFhx5 \
  -ABANK0=080h-0FFh -ABANK1=0100h-01FFh -ABANK2=0200h-02FFh \
  -ABANK3=0300h-03FFh -ABANK4=0400h-04FFh -ABANK5=0500h-05FFh \
  -ASFR=0F80h-0FFFh -preset_vec=00h,intcode,intcodelo,powerup,init \
  -pramtop=0600h -psmallconst=SMALLCONST -pmediumconst=MEDIUMCONST \
  -pconst=CONST -AFARRAM=00h-00h -ACONFIG=0300000h-030000Dh -pconfig=CONFIG \
  -AIDLOC=0200000h-0200007h -pidloc=IDLOC -AEEDATA=0F00000h-0F000FFh \
  -peeprom_data=EEDATA \
  -prdata=COMRAM,nvrram=COMRAM,nvbit=COMRAM,rbss=COMRAM,rbit=COMRAM \
  -pfarbss=FARRAM,fardata=FARRAM,nvFARRAM=FARRAM \
  -pintsave_regs=BIGRAM,bigbss=BIGRAM,bigdata=BIGRAM -pbss=RAM \
  -pidata=CODE,irdata=CODE,ibigdata=CODE,ifardata=CODE -prparam=COMRAM \
  C:\Users\qmari\AppData\Local\Temp\seh4.obj \
  dist/default/production\q9lab1.production.obj 

Object code version is 3.11

Machine type is 18F452

Call graph: (short form)




                Name                               Link     Load   Length Selector   Space Scale
C:\Users\qmari\AppData\Local\Temp\seh4.obj
                text                               3D42     3D42        2     1EA1       0
                init                                  2        2        4        0       0
                reset_vec                             0        0        2        0       0
                idloc                            200000   200000        8   200000       0
                config                           300000   300000        E   300000       0
dist/default/production\q9lab1.production.obj
                text9                              3D4C     3D4C       12     1EA6       0
                text8                              3E2C     3E2C       42     1F16       0
                text7                              3D5E     3D5E       16     1EAF       0
                text6                              3EF2     3EF2       44     1F79       0
                text5                              3E6E     3E6E       42     1F37       0
                text4                              3F36     3F36       CA     1F9B       0
                text3                              3DBE     3DBE       36     1EDF       0
                text2                              3EB0     3EB0       42     1F58       0
                text1                              3DF4     3DF4       38     1EFA       0
                text0                              3D74     3D74       22     1EBA       0
                cstackCOMRAM                          9        9        3        1       1
                dataCOMRAM                            1        1        8        1       1
                bssCOMRAM                             C        C        1        1       1
                cinit                              3D96     3D96       28     1ECB       0
                idataCOMRAM                        3D44     3D44        8     3D44       0

TOTAL           Name                               Link     Load   Length     Space
        CLASS   STACK          

        CLASS   CODE           
                text                               3D42     3D42        2         0
                init                                  2        2        4         0
                reset_vec                             0        0        2         0
                text9                              3D4C     3D4C       12         0
                text8                              3E2C     3E2C       42         0
                text7                              3D5E     3D5E       16         0
                text6                              3EF2     3EF2       44         0
                text5                              3E6E     3E6E       42         0
                text4                              3F36     3F36       CA         0
                text3                              3DBE     3DBE       36         0
                text2                              3EB0     3EB0       42         0
                text1                              3DF4     3DF4       38         0
                text0                              3D74     3D74       22         0
                cinit                              3D96     3D96       28         0
                idataCOMRAM                        3D44     3D44        8         0

        CLASS   CONST          

        CLASS   SMALLCONST     

        CLASS   MEDIUMCONST    

        CLASS   COMRAM         
                cstackCOMRAM                          9        9        3         1
                dataCOMRAM                            1        1        8         1
                bssCOMRAM                             C        C        1         1

        CLASS   ABS1           

        CLASS   BIGRAM         

        CLASS   RAM            

        CLASS   BANK0          

        CLASS   BANK1          

        CLASS   BANK2          

        CLASS   BANK3          

        CLASS   BANK4          

        CLASS   BANK5          

        CLASS   SFR            

        CLASS   FARRAM         

        CLASS   CONFIG         
                config                           300000   300000        E         0

        CLASS   IDLOC          
                idloc                            200000   200000        8         0

        CLASS   EEDATA         



SEGMENTS        Name                           Load    Length   Top    Selector   Space  Class

                reset_vec                      000000  000006  000006         0       0  CODE    
                dataCOMRAM                     000001  00000C  00000D         1       1  COMRAM  
                text                           003D42  000002  003D44      1EA1       0  CODE    
                idataCOMRAM                    003D44  000008  003D4C      3D44       0  CODE    
                text9                          003D4C  000012  003D5E      1EA6       0  CODE    
                text7                          003D5E  000016  003D74      1EAF       0  CODE    
                text0                          003D74  000022  003D96      1EBA       0  CODE    
                cinit                          003D96  000028  003DBE      1ECB       0  CODE    
                text3                          003DBE  000036  003DF4      1EDF       0  CODE    
                text1                          003DF4  000038  003E2C      1EFA       0  CODE    
                text8                          003E2C  000042  003E6E      1F16       0  CODE    
                text5                          003E6E  000042  003EB0      1F37       0  CODE    
                text2                          003EB0  000042  003EF2      1F58       0  CODE    
                text6                          003EF2  000044  003F36      1F79       0  CODE    
                text4                          003F36  0000CA  004000      1F9B       0  CODE    
                idloc                          200000  000008  200008    200000       0  IDLOC   
                config                         300000  00000E  30000E    300000       0  CONFIG  


UNUSED ADDRESS RANGES

        Name                Unused          Largest block    Delta
        BANK0            000080-0000FF               80
        BANK1            000100-0001FF              100
        BANK2            000200-0002FF              100
        BANK3            000300-0003FF              100
        BANK4            000400-0004FF              100
        BANK5            000500-0005FF              100
        BIGRAM           00000D-0005FF              5F3
        CODE             000006-003D41             3D3C
                         004000-007FFF             4000
        COMRAM           00000D-00007F               73
        CONST            000006-003D41             3D3C
                         004000-007FFF             4000
        EEDATA           F00000-F000FF              100
        MEDIUMCONST      000600-003D41             3742
                         004000-007FFF             4000
        RAM              000080-0005FF              100
        SFR              000F80-000FFF               80
        SMALLCONST       000600-003D41              100
                         004000-007FFF              100
        STACK            000080-0005FF              580

                                  Symbol Table

OpenXLCD@lcdtype                                             cstackCOMRAM 00000B
SetDDRamAddr@DDaddr                                          cstackCOMRAM 000009
WriteCmdXLCD@cmd                                             cstackCOMRAM 000009
WriteDataXLCD@data                                           cstackCOMRAM 000009
_BusyXLCD                                                    text8        003E2C
_DelayFor18TCY                                               text9        003D4C
_DelayPORXLCD                                                text7        003D5E
_InitLCD                                                     text3        003DBE
_LATDbits                                                    (abs)        000F8C
_MapIndex                                                    bssCOMRAM    00000C
_MapName                                                     dataCOMRAM   000001
_OpenXLCD                                                    text4        003F36
_PORTD                                                       (abs)        000F83
_SetDDRamAddr                                                text6        003EF2
_TRISD                                                       (abs)        000F95
_TRISDbits                                                   (abs)        000F95
_WriteCmdXLCD                                                text5        003E6E
_WriteDataXLCD                                               text2        003EB0
__CFG_LVP$OFF                                                (abs)        000000
__CFG_OSC$HS                                                 (abs)        000000
__CFG_WDT$OFF                                                (abs)        000000
__HRAM                                                       (abs)        000000
__Habs1                                                      abs1         000000
__Hbank0                                                     bank0        000000
__Hbank1                                                     bank1        000000
__Hbank2                                                     bank2        000000
__Hbank3                                                     bank3        000000
__Hbank4                                                     bank4        000000
__Hbank5                                                     bank5        000000
__Hbigbss                                                    bigbss       000000
__Hbigdata                                                   bigdata      000000
__Hbigram                                                    bigram       000000
__Hbss                                                       bss          000000
__HbssCOMRAM                                                 bssCOMRAM    000000
__Hcinit                                                     cinit        000000
__Hclrtext                                                   clrtext      000000
__Hcomram                                                    comram       000000
__Hconfig                                                    config       30000E
__Hconst                                                     const        000000
__HcstackCOMRAM                                              cstackCOMRAM 000000
__Hdata                                                      data         000000
__HdataCOMRAM                                                dataCOMRAM   000000
__Heeprom_data                                               eeprom_data  000000
__Hfarbss                                                    farbss       000000
__Hfardata                                                   fardata      000000
__Hibigdata                                                  ibigdata     000000
__Hidata                                                     idata        000000
__HidataCOMRAM                                               idataCOMRAM  000000
__Hidloc                                                     idloc        200008
__Hifardata                                                  ifardata     000000
__Hinit                                                      init         000006
__Hintcode                                                   intcode      000002
__Hintcode_body                                              intcode_body 000000
__Hintcodelo                                                 intcodelo    000002
__Hintentry                                                  intentry     000000
__Hintret                                                    intret       000000
__Hintsave_regs                                              intsave_regs 000000
__Hirdata                                                    irdata       000000
__Hmediumconst                                               mediumconst  000000
__HnvFARRAM                                                  nvFARRAM     000000
__Hnvbit                                                     nvbit        000000
__Hnvrram                                                    nvrram       000000
__Hparam                                                     rparam       000000
__Hpowerup                                                   powerup      000002
__Hram                                                       ram          000000
__Hramtop                                                    ramtop       000600
__Hrbit                                                      rbit         000000
__Hrbss                                                      rbss         000000
__Hrdata                                                     rdata        000000
__Hreset_vec                                                 reset_vec    000002
__Hrparam                                                    rparam       000000
__Hsfr                                                       sfr          000000
__Hsmallconst                                                smallconst   000000
__Hspace_0                                                   (abs)        30000E
__Hspace_1                                                   (abs)        00000D
__Hspace_2                                                   (abs)        000000
__Hstack                                                     stack        000000
__Hstruct                                                    struct       000000
__Htemp                                                      temp         000000
__Htext                                                      text         000000
__Htext0                                                     text0        000000
__Htext1                                                     text1        000000
__Htext2                                                     text2        000000
__Htext3                                                     text3        000000
__Htext4                                                     text4        000000
__Htext5                                                     text5        000000
__Htext6                                                     text6        000000
__Htext7                                                     text7        000000
__Htext8                                                     text8        000000
__Htext9                                                     text9        000000
__LRAM                                                       (abs)        000001
__Labs1                                                      abs1         000000
__Lbank0                                                     bank0        000000
__Lbank1                                                     bank1        000000
__Lbank2                                                     bank2        000000
__Lbank3                                                     bank3        000000
__Lbank4                                                     bank4        000000
__Lbank5                                                     bank5        000000
__Lbigbss                                                    bigbss       000000
__Lbigdata                                                   bigdata      000000
__Lbigram                                                    bigram       000000
__Lbss                                                       bss          000000
__LbssCOMRAM                                                 bssCOMRAM    000000
__Lcinit                                                     cinit        000000
__Lclrtext                                                   clrtext      000000
__Lcomram                                                    comram       000000
__Lconfig                                                    config       300000
__Lconst                                                     const        000000
__LcstackCOMRAM                                              cstackCOMRAM 000000
__Ldata                                                      data         000000
__LdataCOMRAM                                                dataCOMRAM   000000
__Leeprom_data                                               eeprom_data  000000
__Lfarbss                                                    farbss       000000
__Lfardata                                                   fardata      000000
__Libigdata                                                  ibigdata     000000
__Lidata                                                     idata        000000
__LidataCOMRAM                                               idataCOMRAM  000000
__Lidloc                                                     idloc        200000
__Lifardata                                                  ifardata     000000
__Linit                                                      init         000002
__Lintcode                                                   intcode      000002
__Lintcode_body                                              intcode_body 000000
__Lintcodelo                                                 intcodelo    000002
__Lintentry                                                  intentry     000000
__Lintret                                                    intret       000000
__Lintsave_regs                                              intsave_regs 000000
__Lirdata                                                    irdata       000000
__Lmediumconst                                               mediumconst  000000
__LnvFARRAM                                                  nvFARRAM     000000
__Lnvbit                                                     nvbit        000000
__Lnvrram                                                    nvrram       000000
__Lparam                                                     rparam       000000
__Lpowerup                                                   powerup      000002
__Lram                                                       ram          000000
__Lramtop                                                    ramtop       000600
__Lrbit                                                      rbit         000000
__Lrbss                                                      rbss         000000
__Lrdata                                                     rdata        000000
__Lreset_vec                                                 reset_vec    000000
__Lrparam                                                    rparam       000000
__Lsfr                                                       sfr          000000
__Lsmallconst                                                smallconst   000000
__Lspace_0                                                   (abs)        000000
__Lspace_1                                                   (abs)        000000
__Lspace_2                                                   (abs)        000000
__Lstack                                                     stack        000000
__Lstruct                                                    struct       000000
__Ltemp                                                      temp         000000
__Ltext                                                      text         000000
__Ltext0                                                     text0        000000
__Ltext1                                                     text1        000000
__Ltext2                                                     text2        000000
__Ltext3                                                     text3        000000
__Ltext4                                                     text4        000000
__Ltext5                                                     text5        000000
__Ltext6                                                     text6        000000
__Ltext7                                                     text7        000000
__Ltext8                                                     text8        000000
__Ltext9                                                     text9        000000
__S0                                                         (abs)        30000E
__S1                                                         (abs)        00000D
__S2                                                         (abs)        000000
___inthi_sp                                                  stack        000000
___intlo_sp                                                  stack        000000
___param_bank                                                (abs)        000000
___rparam_used                                               (abs)        000001
___sp                                                        stack        000000
__accesstop                                                  (abs)        000080
__activetblptr                                               (abs)        000000
__cntErrataNOP_C:\Users\qmari\AppData\Local\Temp\seh4.obj    (abs)        000001
__cntErrataNOP_dist/default/production\q9lab1.production.obj (abs)        00001C
__end_of_BusyXLCD                                            text8        003E6E
__end_of_DelayFor18TCY                                       text9        003D5C
__end_of_DelayPORXLCD                                        text7        003D74
__end_of_InitLCD                                             text3        003DF4
__end_of_OpenXLCD                                            text4        004000
__end_of_SetDDRamAddr                                        text6        003F36
__end_of_WriteCmdXLCD                                        text5        003EB0
__end_of_WriteDataXLCD                                       text2        003EF2
__end_of__initialization                                     cinit        003DB8
__end_of_main                                                text0        003D96
__end_of_putsXLCD                                            text1        003E2C
__initialization                                             cinit        003D96
__mediumconst                                                mediumconst  000000
__pbssCOMRAM                                                 bssCOMRAM    00000C
__pcinit                                                     cinit        003D96
__pcstackCOMRAM                                              cstackCOMRAM 000009
__pdataCOMRAM                                                dataCOMRAM   000001
__pidataCOMRAM                                               idataCOMRAM  003D44
__ptext0                                                     text0        003D74
__ptext1                                                     text1        003DF4
__ptext2                                                     text2        003EB0
__ptext3                                                     text3        003DBE
__ptext4                                                     text4        003F36
__ptext5                                                     text5        003E6E
__ptext6                                                     text6        003EF2
__ptext7                                                     text7        003D5E
__ptext8                                                     text8        003E2C
__ptext9                                                     text9        003D4C
__ramtop                                                     ramtop       000600
__size_of_BusyXLCD                                           (abs)        000000
__size_of_DelayFor18TCY                                      (abs)        000000
__size_of_DelayPORXLCD                                       (abs)        000000
__size_of_InitLCD                                            (abs)        000000
__size_of_OpenXLCD                                           (abs)        000000
__size_of_SetDDRamAddr                                       (abs)        000000
__size_of_WriteCmdXLCD                                       (abs)        000000
__size_of_WriteDataXLCD                                      (abs)        000000
__size_of_main                                               (abs)        000000
__size_of_putsXLCD                                           (abs)        000000
__smallconst                                                 smallconst   000000
_main                                                        text0        003D74
_putsXLCD                                                    text1        003DF4
end_of_initialization                                        cinit        003DB8
intlevel0                                                    text         003D42
intlevel1                                                    text         003D42
intlevel2                                                    text         003D42
intlevel3                                                    text         003D42
putsXLCD@buffer                                              cstackCOMRAM 00000A
stackhi                                                      (abs)        0005FF
stacklo                                                      (abs)        000080
start                                                        init         000002
start_initialization                                         cinit        003D96


FUNCTION INFORMATION:

 *************** function _main *****************
 Defined at:
		line 22 in file "lab1asm.c"
 Parameters:    Size  Location     Type
		None
 Auto vars:     Size  Location     Type
		None
 Return value:  Size  Location     Type
                  1    wreg      void 
 Registers used:
		wreg, fsr2l, fsr2h, status,2, status,0, cstack
 Tracked objects:
		On entry : 
		On exit  : 
		Unchanged: 
 Data sizes:     COMRAM   BANK0   BANK1   BANK2   BANK3   BANK4   BANK5
      Params:         0       0       0       0       0       0       0
      Locals:         0       0       0       0       0       0       0
      Temps:          0       0       0       0       0       0       0
      Totals:         0       0       0       0       0       0       0
Total ram usage:        0 bytes
 Hardware stack levels required when called:    4
 This function calls:
		_BusyXLCD
		_InitLCD
		_putsXLCD
 This function is called by:
		Startup code after reset
 This function uses a non-reentrant model


 *************** function _putsXLCD *****************
 Defined at:
		line 189 in file "lcd.c"
 Parameters:    Size  Location     Type
  buffer          2    1[COMRAM] PTR unsigned char 
		 -> MapName(8), 
 Auto vars:     Size  Location     Type
		None
 Return value:  Size  Location     Type
                  1    wreg      void 
 Registers used:
		wreg, fsr2l, fsr2h, status,2, status,0, cstack
 Tracked objects:
		On entry : 
		On exit  : 
		Unchanged: 
 Data sizes:     COMRAM   BANK0   BANK1   BANK2   BANK3   BANK4   BANK5
      Params:         2       0       0       0       0       0       0
      Locals:         0       0       0       0       0       0       0
      Temps:          0       0       0       0       0       0       0
      Totals:         2       0       0       0       0       0       0
Total ram usage:        2 bytes
 Hardware stack levels used:    1
 Hardware stack levels required when called:    2
 This function calls:
		_BusyXLCD
		_WriteDataXLCD
 This function is called by:
		_main
 This function uses a non-reentrant model


 *************** function _WriteDataXLCD *****************
 Defined at:
		line 521 in file "lcd.c"
 Parameters:    Size  Location     Type
  data            1    wreg     unsigned char 
 Auto vars:     Size  Location     Type
  data            1    0[COMRAM] unsigned char 
 Return value:  Size  Location     Type
                  1    wreg      void 
 Registers used:
		wreg, status,2, status,0, cstack
 Tracked objects:
		On entry : 
		On exit  : 
		Unchanged: 
 Data sizes:     COMRAM   BANK0   BANK1   BANK2   BANK3   BANK4   BANK5
      Params:         0       0       0       0       0       0       0
      Locals:         1       0       0       0       0       0       0
      Temps:          0       0       0       0       0       0       0
      Totals:         1       0       0       0       0       0       0
Total ram usage:        1 bytes
 Hardware stack levels used:    1
 Hardware stack levels required when called:    1
 This function calls:
		_DelayFor18TCY
 This function is called by:
		_putsXLCD
		_putrsXLCD
 This function uses a non-reentrant model


 *************** function _InitLCD *****************
 Defined at:
		line 30 in file "lab1asm.c"
 Parameters:    Size  Location     Type
		None
 Auto vars:     Size  Location     Type
		None
 Return value:  Size  Location     Type
                  1    wreg      void 
 Registers used:
		wreg, status,2, status,0, cstack
 Tracked objects:
		On entry : 
		On exit  : 
		Unchanged: 
 Data sizes:     COMRAM   BANK0   BANK1   BANK2   BANK3   BANK4   BANK5
      Params:         0       0       0       0       0       0       0
      Locals:         0       0       0       0       0       0       0
      Temps:          0       0       0       0       0       0       0
      Totals:         0       0       0       0       0       0       0
Total ram usage:        0 bytes
 Hardware stack levels used:    1
 Hardware stack levels required when called:    3
 This function calls:
		_BusyXLCD
		_OpenXLCD
		_SetDDRamAddr
		_WriteCmdXLCD
 This function is called by:
		_main
 This function uses a non-reentrant model


 *************** function _OpenXLCD *****************
 Defined at:
		line 80 in file "lcd.c"
 Parameters:    Size  Location     Type
  lcdtype         1    wreg     unsigned char 
 Auto vars:     Size  Location     Type
  lcdtype         1    2[COMRAM] unsigned char 
 Return value:  Size  Location     Type
                  1    wreg      void 
 Registers used:
		wreg, status,2, status,0, cstack
 Tracked objects:
		On entry : 
		On exit  : 
		Unchanged: 
 Data sizes:     COMRAM   BANK0   BANK1   BANK2   BANK3   BANK4   BANK5
      Params:         0       0       0       0       0       0       0
      Locals:         1       0       0       0       0       0       0
      Temps:          1       0       0       0       0       0       0
      Totals:         2       0       0       0       0       0       0
Total ram usage:        2 bytes
 Hardware stack levels used:    1
 Hardware stack levels required when called:    2
 This function calls:
		_BusyXLCD
		_DelayPORXLCD
		_SetDDRamAddr
		_WriteCmdXLCD
 This function is called by:
		_InitLCD
 This function uses a non-reentrant model


 *************** function _WriteCmdXLCD *****************
 Defined at:
		line 455 in file "lcd.c"
 Parameters:    Size  Location     Type
  cmd             1    wreg     unsigned char 
 Auto vars:     Size  Location     Type
  cmd             1    0[COMRAM] unsigned char 
 Return value:  Size  Location     Type
                  1    wreg      void 
 Registers used:
		wreg, status,2, status,0, cstack
 Tracked objects:
		On entry : 
		On exit  : 
		Unchanged: 
 Data sizes:     COMRAM   BANK0   BANK1   BANK2   BANK3   BANK4   BANK5
      Params:         0       0       0       0       0       0       0
      Locals:         1       0       0       0       0       0       0
      Temps:          0       0       0       0       0       0       0
      Totals:         1       0       0       0       0       0       0
Total ram usage:        1 bytes
 Hardware stack levels used:    1
 Hardware stack levels required when called:    1
 This function calls:
		_DelayFor18TCY
 This function is called by:
		_InitLCD
		_OpenXLCD
 This function uses a non-reentrant model


 *************** function _SetDDRamAddr *****************
 Defined at:
		line 392 in file "lcd.c"
 Parameters:    Size  Location     Type
  DDaddr          1    wreg     unsigned char 
 Auto vars:     Size  Location     Type
  DDaddr          1    0[COMRAM] unsigned char 
 Return value:  Size  Location     Type
                  1    wreg      void 
 Registers used:
		wreg, status,2, status,0, cstack
 Tracked objects:
		On entry : 
		On exit  : 
		Unchanged: 
 Data sizes:     COMRAM   BANK0   BANK1   BANK2   BANK3   BANK4   BANK5
      Params:         0       0       0       0       0       0       0
      Locals:         1       0       0       0       0       0       0
      Temps:          0       0       0       0       0       0       0
      Totals:         1       0       0       0       0       0       0
Total ram usage:        1 bytes
 Hardware stack levels used:    1
 Hardware stack levels required when called:    1
 This function calls:
		_DelayFor18TCY
 This function is called by:
		_InitLCD
		_OpenXLCD
 This function uses a non-reentrant model


 *************** function _DelayPORXLCD *****************
 Defined at:
		line 13 in file "lab1_lcdfunctions.c"
 Parameters:    Size  Location     Type
		None
 Auto vars:     Size  Location     Type
		None
 Return value:  Size  Location     Type
                  1    wreg      void 
 Registers used:
		wreg
 Tracked objects:
		On entry : 
		On exit  : 
		Unchanged: 
 Data sizes:     COMRAM   BANK0   BANK1   BANK2   BANK3   BANK4   BANK5
      Params:         0       0       0       0       0       0       0
      Locals:         0       0       0       0       0       0       0
      Temps:          1       0       0       0       0       0       0
      Totals:         1       0       0       0       0       0       0
Total ram usage:        1 bytes
 Hardware stack levels used:    1
 This function calls:
		Nothing
 This function is called by:
		_OpenXLCD
 This function uses a non-reentrant model


 *************** function _BusyXLCD *****************
 Defined at:
		line 12 in file "lcd.c"
 Parameters:    Size  Location     Type
		None
 Auto vars:     Size  Location     Type
		None
 Return value:  Size  Location     Type
                  1    wreg      unsigned char 
 Registers used:
		wreg, cstack
 Tracked objects:
		On entry : 
		On exit  : 
		Unchanged: 
 Data sizes:     COMRAM   BANK0   BANK1   BANK2   BANK3   BANK4   BANK5
      Params:         0       0       0       0       0       0       0
      Locals:         0       0       0       0       0       0       0
      Temps:          0       0       0       0       0       0       0
      Totals:         0       0       0       0       0       0       0
Total ram usage:        0 bytes
 Hardware stack levels used:    1
 Hardware stack levels required when called:    1
 This function calls:
		_DelayFor18TCY
 This function is called by:
		_main
		_InitLCD
		_OpenXLCD
		_putsXLCD
		_putrsXLCD
 This function uses a non-reentrant model


 *************** function _DelayFor18TCY *****************
 Defined at:
		line 9 in file "lab1_lcdfunctions.c"
 Parameters:    Size  Location     Type
		None
 Auto vars:     Size  Location     Type
		None
 Return value:  Size  Location     Type
                  1    wreg      void 
 Registers used:
		wreg
 Tracked objects:
		On entry : 
		On exit  : 
		Unchanged: 
 Data sizes:     COMRAM   BANK0   BANK1   BANK2   BANK3   BANK4   BANK5
      Params:         0       0       0       0       0       0       0
      Locals:         0       0       0       0       0       0       0
      Temps:          0       0       0       0       0       0       0
      Totals:         0       0       0       0       0       0       0
Total ram usage:        0 bytes
 Hardware stack levels used:    1
 This function calls:
		Nothing
 This function is called by:
		_BusyXLCD
		_SetDDRamAddr
		_WriteCmdXLCD
		_WriteDataXLCD
		_ReadAddrXLCD
		_ReadDataXLCD
		_SetCGRamAddr
 This function uses a non-reentrant model



MODULE INFORMATION

Module		Function		Class		Link	Load	Size
lab1asm.c
		_main          		CODE           	3D74	0000	35
		_InitLCD       		CODE           	3DBE	0000	55

lab1asm.c estimated size: 90

lab1_lcdfunctions.c
		_DelayFor18TCY 		CODE           	3D4C	0000	17
		_DelayPORXLCD  		CODE           	3D5E	0000	23

lab1_lcdfunctions.c estimated size: 40

shared
		__initialization		CODE           	3D96	0000	35

shared estimated size: 35

lcd.c
		_BusyXLCD      		CODE           	3E2C	0000	67
		_putsXLCD      		CODE           	3DF4	0000	57
		_WriteCmdXLCD  		CODE           	3E6E	0000	67
		_OpenXLCD      		CODE           	3F36	0000	203
		_WriteDataXLCD 		CODE           	3EB0	0000	67
		_SetDDRamAddr  		CODE           	3EF2	0000	69

lcd.c estimated size: 530

